[0.177s] DEBUG:colcon:Command line arguments: ['/usr/bin/colcon', 'build', '--symlink-install']
[0.177s] DEBUG:colcon:Parsed command line arguments: Namespace(log_base=None, log_level=None, verb_name='build', build_base='build', install_base='install', merge_install=False, symlink_install=True, test_result_base=None, continue_on_error=False, executor='parallel', parallel_workers=12, event_handlers=None, ignore_user_meta=False, metas=['./colcon.meta'], base_paths=['.'], packages_ignore=None, packages_ignore_regex=None, paths=None, packages_up_to=None, packages_up_to_regex=None, packages_above=None, packages_above_and_dependencies=None, packages_above_depth=None, packages_select_by_dep=None, packages_skip_by_dep=None, packages_skip_up_to=None, packages_select_build_failed=False, packages_skip_build_finished=False, packages_select_test_failures=False, packages_skip_test_passed=False, packages_select=None, packages_skip=None, packages_select_regex=None, packages_skip_regex=None, packages_start=None, packages_end=None, allow_overriding=[], cmake_args=None, cmake_target=None, cmake_target_skip_unavailable=False, cmake_clean_cache=False, cmake_clean_first=False, cmake_force_configure=False, ament_cmake_args=None, catkin_cmake_args=None, catkin_skip_building_tests=False, mixin_files=None, mixin=None, verb_parser=<colcon_mixin.mixin.mixin_argument.MixinArgumentDecorator object at 0x717bdd05a380>, verb_extension=<colcon_core.verb.build.BuildVerb object at 0x717bdd059e40>, main=<bound method BuildVerb.main of <colcon_core.verb.build.BuildVerb object at 0x717bdd059e40>>, mixin_verb=('build',))
[0.321s] Level 1:colcon.colcon_core.package_discovery:discover_packages(colcon_meta) check parameters
[0.321s] Level 1:colcon.colcon_core.package_discovery:discover_packages(recursive) check parameters
[0.321s] Level 1:colcon.colcon_core.package_discovery:discover_packages(ignore) check parameters
[0.321s] Level 1:colcon.colcon_core.package_discovery:discover_packages(path) check parameters
[0.321s] Level 1:colcon.colcon_core.package_discovery:discover_packages(colcon_meta) discover
[0.321s] Level 1:colcon.colcon_core.package_discovery:discover_packages(recursive) discover
[0.321s] INFO:colcon.colcon_core.package_discovery:Crawling recursively for packages in '/home/mertaren/robot_ws/src/tb3_autonomy_core'
[0.321s] Level 1:colcon.colcon_core.package_identification:_identify(.) by extensions ['ignore', 'ignore_ament_install']
[0.322s] Level 1:colcon.colcon_core.package_identification:_identify(.) by extension 'ignore'
[0.322s] Level 1:colcon.colcon_core.package_identification:_identify(.) by extension 'ignore_ament_install'
[0.322s] Level 1:colcon.colcon_core.package_identification:_identify(.) by extensions ['colcon_pkg']
[0.322s] Level 1:colcon.colcon_core.package_identification:_identify(.) by extension 'colcon_pkg'
[0.322s] Level 1:colcon.colcon_core.package_identification:_identify(.) by extensions ['colcon_meta']
[0.322s] Level 1:colcon.colcon_core.package_identification:_identify(.) by extension 'colcon_meta'
[0.322s] Level 1:colcon.colcon_core.package_identification:_identify(.) by extensions ['ros']
[0.322s] Level 1:colcon.colcon_core.package_identification:_identify(.) by extension 'ros'
[0.331s] Level 1:colcon.colcon_core.package_identification:_identify(.) by extensions ['cmake', 'python']
[0.331s] Level 1:colcon.colcon_core.package_identification:_identify(.) by extension 'cmake'
[0.331s] Level 1:colcon.colcon_core.package_identification:_identify(.) by extension 'python'
[0.331s] Level 1:colcon.colcon_core.package_identification:_identify(.) by extensions ['python_setup_py']
[0.331s] Level 1:colcon.colcon_core.package_identification:_identify(.) by extension 'python_setup_py'
[0.331s] Level 1:colcon.colcon_core.package_identification:_identify(build) by extensions ['ignore', 'ignore_ament_install']
[0.331s] Level 1:colcon.colcon_core.package_identification:_identify(build) by extension 'ignore'
[0.331s] Level 1:colcon.colcon_core.package_identification:_identify(build) ignored
[0.332s] Level 1:colcon.colcon_core.package_identification:_identify(install) by extensions ['ignore', 'ignore_ament_install']
[0.332s] Level 1:colcon.colcon_core.package_identification:_identify(install) by extension 'ignore'
[0.332s] Level 1:colcon.colcon_core.package_identification:_identify(install) ignored
[0.332s] Level 1:colcon.colcon_core.package_identification:_identify(log) by extensions ['ignore', 'ignore_ament_install']
[0.332s] Level 1:colcon.colcon_core.package_identification:_identify(log) by extension 'ignore'
[0.332s] Level 1:colcon.colcon_core.package_identification:_identify(log) ignored
[0.332s] Level 1:colcon.colcon_core.package_identification:_identify(tb3_autonomy) by extensions ['ignore', 'ignore_ament_install']
[0.332s] Level 1:colcon.colcon_core.package_identification:_identify(tb3_autonomy) by extension 'ignore'
[0.332s] Level 1:colcon.colcon_core.package_identification:_identify(tb3_autonomy) by extension 'ignore_ament_install'
[0.332s] Level 1:colcon.colcon_core.package_identification:_identify(tb3_autonomy) by extensions ['colcon_pkg']
[0.332s] Level 1:colcon.colcon_core.package_identification:_identify(tb3_autonomy) by extension 'colcon_pkg'
[0.332s] Level 1:colcon.colcon_core.package_identification:_identify(tb3_autonomy) by extensions ['colcon_meta']
[0.332s] Level 1:colcon.colcon_core.package_identification:_identify(tb3_autonomy) by extension 'colcon_meta'
[0.332s] Level 1:colcon.colcon_core.package_identification:_identify(tb3_autonomy) by extensions ['ros']
[0.332s] Level 1:colcon.colcon_core.package_identification:_identify(tb3_autonomy) by extension 'ros'
[0.334s] DEBUG:colcon.colcon_core.package_identification:Package 'tb3_autonomy' with type 'ros.ament_python' and name 'tb3_autonomy'
[0.334s] Level 1:colcon.colcon_core.package_discovery:discover_packages(recursive) using defaults
[0.335s] Level 1:colcon.colcon_core.package_discovery:discover_packages(ignore) discover
[0.335s] Level 1:colcon.colcon_core.package_discovery:discover_packages(ignore) using defaults
[0.335s] Level 1:colcon.colcon_core.package_discovery:discover_packages(path) discover
[0.335s] Level 1:colcon.colcon_core.package_discovery:discover_packages(path) using defaults
[0.357s] Level 1:colcon.colcon_core.package_discovery:discover_packages(prefix_path) check parameters
[0.357s] Level 1:colcon.colcon_core.package_discovery:discover_packages(prefix_path) discover
[0.360s] DEBUG:colcon.colcon_installed_package_information.package_discovery:Found 439 installed packages in /opt/ros/humble
[0.362s] Level 1:colcon.colcon_core.package_discovery:discover_packages(prefix_path) using defaults
[0.405s] Level 5:colcon.colcon_core.verb:set package 'tb3_autonomy' build argument 'cmake_args' from command line to 'None'
[0.405s] Level 5:colcon.colcon_core.verb:set package 'tb3_autonomy' build argument 'cmake_target' from command line to 'None'
[0.405s] Level 5:colcon.colcon_core.verb:set package 'tb3_autonomy' build argument 'cmake_target_skip_unavailable' from command line to 'False'
[0.405s] Level 5:colcon.colcon_core.verb:set package 'tb3_autonomy' build argument 'cmake_clean_cache' from command line to 'False'
[0.405s] Level 5:colcon.colcon_core.verb:set package 'tb3_autonomy' build argument 'cmake_clean_first' from command line to 'False'
[0.405s] Level 5:colcon.colcon_core.verb:set package 'tb3_autonomy' build argument 'cmake_force_configure' from command line to 'False'
[0.405s] Level 5:colcon.colcon_core.verb:set package 'tb3_autonomy' build argument 'ament_cmake_args' from command line to 'None'
[0.405s] Level 5:colcon.colcon_core.verb:set package 'tb3_autonomy' build argument 'catkin_cmake_args' from command line to 'None'
[0.405s] Level 5:colcon.colcon_core.verb:set package 'tb3_autonomy' build argument 'catkin_skip_building_tests' from command line to 'False'
[0.405s] DEBUG:colcon.colcon_core.verb:Building package 'tb3_autonomy' with the following arguments: {'ament_cmake_args': None, 'build_base': '/home/mertaren/robot_ws/src/tb3_autonomy_core/build/tb3_autonomy', 'catkin_cmake_args': None, 'catkin_skip_building_tests': False, 'cmake_args': None, 'cmake_clean_cache': False, 'cmake_clean_first': False, 'cmake_force_configure': False, 'cmake_target': None, 'cmake_target_skip_unavailable': False, 'install_base': '/home/mertaren/robot_ws/src/tb3_autonomy_core/install/tb3_autonomy', 'merge_install': False, 'path': '/home/mertaren/robot_ws/src/tb3_autonomy_core/tb3_autonomy', 'symlink_install': True, 'test_result_base': None}
[0.405s] INFO:colcon.colcon_core.executor:Executing jobs using 'parallel' executor
[0.406s] DEBUG:colcon.colcon_parallel_executor.executor.parallel:run_until_complete
[0.406s] INFO:colcon.colcon_ros.task.ament_python.build:Building ROS package in '/home/mertaren/robot_ws/src/tb3_autonomy_core/tb3_autonomy' with build type 'ament_python'
[0.407s] Level 1:colcon.colcon_core.shell:create_environment_hook('tb3_autonomy', 'ament_prefix_path')
[0.409s] INFO:colcon.colcon_core.plugin_system:Skipping extension 'colcon_core.shell.bat': Not used on non-Windows systems
[0.409s] INFO:colcon.colcon_core.shell:Creating environment hook '/home/mertaren/robot_ws/src/tb3_autonomy_core/install/tb3_autonomy/share/tb3_autonomy/hook/ament_prefix_path.ps1'
[0.409s] INFO:colcon.colcon_core.shell:Creating environment descriptor '/home/mertaren/robot_ws/src/tb3_autonomy_core/install/tb3_autonomy/share/tb3_autonomy/hook/ament_prefix_path.dsv'
[0.410s] INFO:colcon.colcon_core.shell:Creating environment hook '/home/mertaren/robot_ws/src/tb3_autonomy_core/install/tb3_autonomy/share/tb3_autonomy/hook/ament_prefix_path.sh'
[0.411s] INFO:colcon.colcon_core.shell:Skip shell extension 'powershell' for command environment: Not usable outside of PowerShell
[0.411s] DEBUG:colcon.colcon_core.shell:Skip shell extension 'dsv' for command environment
[0.629s] INFO:colcon.colcon_core.task.python.build:Building Python package in '/home/mertaren/robot_ws/src/tb3_autonomy_core/tb3_autonomy'
[0.629s] INFO:colcon.colcon_core.shell:Skip shell extension 'powershell' for command environment: Not usable outside of PowerShell
[0.629s] DEBUG:colcon.colcon_core.shell:Skip shell extension 'dsv' for command environment
[0.928s] DEBUG:colcon.colcon_core.event_handler.log_command:Invoking command in '/home/mertaren/robot_ws/src/tb3_autonomy_core/build/tb3_autonomy': PS1=\e[01;32m\u@\h\e[00m:\e[01;34m\w\e[00m\e[01;33m$(parse_git_branch)\e[00m$ PYTHONPATH=/home/mertaren/robot_ws/src/tb3_autonomy_core/build/tb3_autonomy/prefix_override:/usr/lib/python3/dist-packages/colcon_core/task/python/colcon_distutils_commands:/home/mertaren/robot_ws/src/tb3_autonomy_core/install/tb3_autonomy/lib/python3.10/site-packages:${PYTHONPATH} /usr/bin/python3 -W ignore:setup.py install is deprecated -W ignore:easy_install command is deprecated setup.py develop --editable --build-directory /home/mertaren/robot_ws/src/tb3_autonomy_core/build/tb3_autonomy/build --no-deps symlink_data
[1.304s] Level 1:colcon.colcon_core.shell:create_environment_hook('tb3_autonomy', 'pythonpath_develop')
[1.305s] INFO:colcon.colcon_core.shell:Creating environment hook '/home/mertaren/robot_ws/src/tb3_autonomy_core/build/tb3_autonomy/share/tb3_autonomy/hook/pythonpath_develop.ps1'
[1.306s] DEBUG:colcon.colcon_core.event_handler.log_command:Invoked command in '/home/mertaren/robot_ws/src/tb3_autonomy_core/build/tb3_autonomy' returned '0': PS1=\e[01;32m\u@\h\e[00m:\e[01;34m\w\e[00m\e[01;33m$(parse_git_branch)\e[00m$ PYTHONPATH=/home/mertaren/robot_ws/src/tb3_autonomy_core/build/tb3_autonomy/prefix_override:/usr/lib/python3/dist-packages/colcon_core/task/python/colcon_distutils_commands:/home/mertaren/robot_ws/src/tb3_autonomy_core/install/tb3_autonomy/lib/python3.10/site-packages:${PYTHONPATH} /usr/bin/python3 -W ignore:setup.py install is deprecated -W ignore:easy_install command is deprecated setup.py develop --editable --build-directory /home/mertaren/robot_ws/src/tb3_autonomy_core/build/tb3_autonomy/build --no-deps symlink_data
[1.306s] INFO:colcon.colcon_core.shell:Creating environment descriptor '/home/mertaren/robot_ws/src/tb3_autonomy_core/build/tb3_autonomy/share/tb3_autonomy/hook/pythonpath_develop.dsv'
[1.306s] INFO:colcon.colcon_core.shell:Creating environment hook '/home/mertaren/robot_ws/src/tb3_autonomy_core/build/tb3_autonomy/share/tb3_autonomy/hook/pythonpath_develop.sh'
[1.309s] Level 1:colcon.colcon_core.environment:checking '/home/mertaren/robot_ws/src/tb3_autonomy_core/install/tb3_autonomy' for CMake module files
[1.309s] Level 1:colcon.colcon_core.environment:checking '/home/mertaren/robot_ws/src/tb3_autonomy_core/install/tb3_autonomy' for CMake config files
[1.310s] Level 1:colcon.colcon_core.environment:checking '/home/mertaren/robot_ws/src/tb3_autonomy_core/install/tb3_autonomy/lib'
[1.310s] Level 1:colcon.colcon_core.environment:checking '/home/mertaren/robot_ws/src/tb3_autonomy_core/install/tb3_autonomy/bin'
[1.310s] Level 1:colcon.colcon_core.environment:checking '/home/mertaren/robot_ws/src/tb3_autonomy_core/install/tb3_autonomy/lib/pkgconfig/tb3_autonomy.pc'
[1.310s] Level 1:colcon.colcon_core.environment:checking '/home/mertaren/robot_ws/src/tb3_autonomy_core/install/tb3_autonomy/lib/python3.10/site-packages'
[1.310s] Level 1:colcon.colcon_core.shell:create_environment_hook('tb3_autonomy', 'pythonpath')
[1.310s] INFO:colcon.colcon_core.shell:Creating environment hook '/home/mertaren/robot_ws/src/tb3_autonomy_core/install/tb3_autonomy/share/tb3_autonomy/hook/pythonpath.ps1'
[1.311s] INFO:colcon.colcon_core.shell:Creating environment descriptor '/home/mertaren/robot_ws/src/tb3_autonomy_core/install/tb3_autonomy/share/tb3_autonomy/hook/pythonpath.dsv'
[1.311s] INFO:colcon.colcon_core.shell:Creating environment hook '/home/mertaren/robot_ws/src/tb3_autonomy_core/install/tb3_autonomy/share/tb3_autonomy/hook/pythonpath.sh'
[1.311s] Level 1:colcon.colcon_core.environment:checking '/home/mertaren/robot_ws/src/tb3_autonomy_core/install/tb3_autonomy/bin'
[1.312s] Level 1:colcon.colcon_core.environment:create_environment_scripts_only(tb3_autonomy)
[1.312s] INFO:colcon.colcon_core.shell:Creating package script '/home/mertaren/robot_ws/src/tb3_autonomy_core/install/tb3_autonomy/share/tb3_autonomy/package.ps1'
[1.313s] INFO:colcon.colcon_core.shell:Creating package descriptor '/home/mertaren/robot_ws/src/tb3_autonomy_core/install/tb3_autonomy/share/tb3_autonomy/package.dsv'
[1.313s] INFO:colcon.colcon_core.shell:Creating package script '/home/mertaren/robot_ws/src/tb3_autonomy_core/install/tb3_autonomy/share/tb3_autonomy/package.sh'
[1.314s] INFO:colcon.colcon_core.shell:Creating package script '/home/mertaren/robot_ws/src/tb3_autonomy_core/install/tb3_autonomy/share/tb3_autonomy/package.bash'
[1.314s] INFO:colcon.colcon_core.shell:Creating package script '/home/mertaren/robot_ws/src/tb3_autonomy_core/install/tb3_autonomy/share/tb3_autonomy/package.zsh'
[1.315s] Level 1:colcon.colcon_core.environment:create_file_with_runtime_dependencies(/home/mertaren/robot_ws/src/tb3_autonomy_core/install/tb3_autonomy/share/colcon-core/packages/tb3_autonomy)
[1.315s] DEBUG:colcon.colcon_parallel_executor.executor.parallel:closing loop
[1.316s] DEBUG:colcon.colcon_parallel_executor.executor.parallel:loop closed
[1.316s] DEBUG:colcon.colcon_parallel_executor.executor.parallel:run_until_complete finished with '0'
[1.316s] DEBUG:colcon.colcon_core.event_reactor:joining thread
[1.363s] INFO:colcon.colcon_core.plugin_system:Skipping extension 'colcon_notification.desktop_notification.notify_send': Could not find 'notify-send'
[1.363s] INFO:colcon.colcon_core.plugin_system:Skipping extension 'colcon_notification.desktop_notification.terminal_notifier': Not used on non-Darwin systems
[1.363s] INFO:colcon.colcon_core.plugin_system:Skipping extension 'colcon_notification.desktop_notification.win32': Not used on non-Windows systems
[1.363s] INFO:colcon.colcon_notification.desktop_notification:Sending desktop notification using 'notify2'
[1.364s] DEBUG:colcon.colcon_notification.desktop_notification.notify2:Failed to initialize notify2: org.freedesktop.DBus.Error.ServiceUnknown: The name org.freedesktop.Notifications was not provided by any .service files
[1.364s] DEBUG:colcon.colcon_core.event_reactor:joined thread
[1.364s] INFO:colcon.colcon_core.shell:Creating prefix script '/home/mertaren/robot_ws/src/tb3_autonomy_core/install/local_setup.ps1'
[1.365s] INFO:colcon.colcon_core.shell:Creating prefix util module '/home/mertaren/robot_ws/src/tb3_autonomy_core/install/_local_setup_util_ps1.py'
[1.367s] INFO:colcon.colcon_core.shell:Creating prefix chain script '/home/mertaren/robot_ws/src/tb3_autonomy_core/install/setup.ps1'
[1.367s] INFO:colcon.colcon_core.shell:Creating prefix script '/home/mertaren/robot_ws/src/tb3_autonomy_core/install/local_setup.sh'
[1.368s] INFO:colcon.colcon_core.shell:Creating prefix util module '/home/mertaren/robot_ws/src/tb3_autonomy_core/install/_local_setup_util_sh.py'
[1.368s] INFO:colcon.colcon_core.shell:Creating prefix chain script '/home/mertaren/robot_ws/src/tb3_autonomy_core/install/setup.sh'
[1.369s] INFO:colcon.colcon_core.shell:Creating prefix script '/home/mertaren/robot_ws/src/tb3_autonomy_core/install/local_setup.bash'
[1.369s] INFO:colcon.colcon_core.shell:Creating prefix chain script '/home/mertaren/robot_ws/src/tb3_autonomy_core/install/setup.bash'
[1.370s] INFO:colcon.colcon_core.shell:Creating prefix script '/home/mertaren/robot_ws/src/tb3_autonomy_core/install/local_setup.zsh'
[1.371s] INFO:colcon.colcon_core.shell:Creating prefix chain script '/home/mertaren/robot_ws/src/tb3_autonomy_core/install/setup.zsh'
