running develop
running egg_info
creating tb3_autonomy.egg-info
writing tb3_autonomy.egg-info/PKG-INFO
writing dependency_links to tb3_autonomy.egg-info/dependency_links.txt
writing entry points to tb3_autonomy.egg-info/entry_points.txt
writing requirements to tb3_autonomy.egg-info/requires.txt
writing top-level names to tb3_autonomy.egg-info/top_level.txt
writing manifest file 'tb3_autonomy.egg-info/SOURCES.txt'
reading manifest file 'tb3_autonomy.egg-info/SOURCES.txt'
writing manifest file 'tb3_autonomy.egg-info/SOURCES.txt'
running build_ext
Creating /home/mertaren/robot_ws/src/tb3_autonomy_core/install/tb3_autonomy/lib/python3.10/site-packages/tb3-autonomy.egg-link (link to .)
Installing patroller script to /home/mertaren/robot_ws/src/tb3_autonomy_core/install/tb3_autonomy/lib/tb3_autonomy

Installed /home/mertaren/robot_ws/src/tb3_autonomy_core/build/tb3_autonomy
running symlink_data
creating /home/mertaren/robot_ws/src/tb3_autonomy_core/install/tb3_autonomy/share/ament_index
creating /home/mertaren/robot_ws/src/tb3_autonomy_core/install/tb3_autonomy/share/ament_index/resource_index
creating /home/mertaren/robot_ws/src/tb3_autonomy_core/install/tb3_autonomy/share/ament_index/resource_index/packages
symbolically linking /home/mertaren/robot_ws/src/tb3_autonomy_core/build/tb3_autonomy/resource/tb3_autonomy -> /home/mertaren/robot_ws/src/tb3_autonomy_core/install/tb3_autonomy/share/ament_index/resource_index/packages
symbolically linking /home/mertaren/robot_ws/src/tb3_autonomy_core/build/tb3_autonomy/package.xml -> /home/mertaren/robot_ws/src/tb3_autonomy_core/install/tb3_autonomy/share/tb3_autonomy
creating /home/mertaren/robot_ws/src/tb3_autonomy_core/install/tb3_autonomy/share/tb3_autonomy/launch
symbolically linking /home/mertaren/robot_ws/src/tb3_autonomy_core/build/tb3_autonomy/launch/patrol.launch.py -> /home/mertaren/robot_ws/src/tb3_autonomy_core/install/tb3_autonomy/share/tb3_autonomy/launch
creating /home/mertaren/robot_ws/src/tb3_autonomy_core/install/tb3_autonomy/share/tb3_autonomy/config
